// Jest Snapshot v1, https://goo.gl/fbAQLP

exports[`Disclaimer tests should render and match snapshot 1`] = `
<DocumentFragment>
  <small
    class="mb-4"
  >
    <strong>
      Disclaimer:
    </strong>
     Jokes are being served via 
    <a
      href="https://v2.jokeapi.dev/"
      rel="noopener noreferrer"
      target="_blank"
    >
      JokeAPI
    </a>
    <br />
    Please report any offensive, racist, sexist, or generally horrible / unfunny content
  </small>
</DocumentFragment>
`;
