// Jest Snapshot v1, https://goo.gl/fbAQLP

exports[`App tests renders without breaking and matches snapshot 1`] = `
<DocumentFragment>
  <div
    class="App container"
  >
    <h1
      class="h1 my-4"
    >
      Got Jokes
    </h1>
    <div
      aria-label="Main App Buttons"
      class="Buttons btn-group"
      role="group"
    >
      <button
        class="my-4 btn btn-primary"
        type="button"
      >
        Make Me Laugh!
      </button>
      <button
        class="my-4 btn btn-info"
        type="button"
      >
        Save to Favorites
      </button>
      <button
        class="my-4 btn btn-secondary"
        type="button"
      >
        Show my Favorites
      </button>
    </div>
    <div
      class="Joke container"
    >
      <div
        class="my-3 row"
      >
        <div
          class="col"
        >
          test joke
        </div>
      </div>
    </div>
  </div>
</DocumentFragment>
`;
